
> thames-template@1.0.0 build
> next build

   Γû▓ Next.js 15.0.3

   Creating an optimized production build ...
 Γ£ô Compiled successfully
   Linting and checking validity of types ...
   Collecting page data ...
   Generating static pages (0/5) ...
   Generating static pages (1/5) 
   Generating static pages (2/5) 
   Generating static pages (3/5) 
 Γ£ô Generating static pages (5/5)
   Finalizing page optimization ...
   Collecting build traces ...

Route (app)                              Size     First Load JS
Γöî Γùï /                                    101 kB          226 kB
Γöö Γùï /_not-found                          896 B           101 kB
+ First Load JS shared by all            100 kB
  Γö£ chunks/4bd1b696-caa75b3548bf4c85.js  52.5 kB
  Γö£ chunks/517-99f9c426027a805c.js       45.5 kB
  Γöö other shared chunks (total)          1.96 kB


Γùï  (Static)  prerendered as static content

